{"type":"code","line":1,"col":1,"val":"var user = { name: 'tobi' }","escape":false,"buffer":false}
{"type":"newline","line":2,"col":1}
{"type":"tag","line":2,"col":1,"val":"foo","selfClosing":false}
{"type":"attrs","line":2,"col":4,"attrs":[{"name":"data-user","val":"user","escaped":true}]}
{"type":"newline","line":3,"col":1}
{"type":"tag","line":3,"col":1,"val":"foo","selfClosing":false}
{"type":"attrs","line":3,"col":4,"attrs":[{"name":"data-items","val":"[1,2,3]","escaped":true}]}
{"type":"newline","line":4,"col":1}
{"type":"tag","line":4,"col":1,"val":"foo","selfClosing":false}
{"type":"attrs","line":4,"col":4,"attrs":[{"name":"data-username","val":"'tobi'","escaped":true}]}
{"type":"newline","line":5,"col":1}
{"type":"tag","line":5,"col":1,"val":"foo","selfClosing":false}
{"type":"attrs","line":5,"col":4,"attrs":[{"name":"data-escaped","val":"{message: \"Let's rock!\"}","escaped":true}]}
{"type":"newline","line":6,"col":1}
{"type":"tag","line":6,"col":1,"val":"foo","selfClosing":false}
{"type":"attrs","line":6,"col":4,"attrs":[{"name":"data-ampersand","val":"{message: \"a quote: &quot; this & that\"}","escaped":true}]}
{"type":"newline","line":7,"col":1}
{"type":"tag","line":7,"col":1,"val":"foo","selfClosing":false}
{"type":"attrs","line":7,"col":4,"attrs":[{"name":"data-epoc","val":"new Date(0)","escaped":true}]}
{"type":"newline","line":8,"col":1}
{"type":"eos","line":8,"col":1}