{"type":"code","line":1,"col":1,"val":"var id = 5","escape":false,"buffer":false}
{"type":"newline","line":2,"col":1}
{"type":"code","line":2,"col":1,"val":"function answer() { return 42; }","escape":false,"buffer":false}
{"type":"newline","line":3,"col":1}
{"type":"tag","line":3,"col":1,"val":"a","selfClosing":false}
{"type":"attrs","line":3,"col":2,"attrs":[{"name":"href","val":"'/user/' + id","escaped":true},{"name":"class","val":"'button'","escaped":true}]}
{"type":"newline","line":4,"col":1}
{"type":"tag","line":4,"col":1,"val":"a","selfClosing":false}
{"type":"attrs","line":4,"col":2,"attrs":[{"name":"href","val":"'/user/' + id","escaped":true},{"name":"class","val":"'button'","escaped":true}]}
{"type":"newline","line":5,"col":1}
{"type":"tag","line":5,"col":1,"val":"meta","selfClosing":false}
{"type":"attrs","line":5,"col":5,"attrs":[{"name":"key","val":"'answer'","escaped":true},{"name":"value","val":"answer()","escaped":true}]}
{"type":"newline","line":6,"col":1}
{"type":"tag","line":6,"col":1,"val":"a","selfClosing":false}
{"type":"attrs","line":6,"col":2,"attrs":[{"name":"class","val":"['class1', 'class2']","escaped":true}]}
{"type":"newline","line":7,"col":1}
{"type":"tag","line":7,"col":1,"val":"a","selfClosing":false}
{"type":"class","line":7,"col":2,"val":"tag-class"}
{"type":"attrs","line":7,"col":12,"attrs":[{"name":"class","val":"['class1', 'class2']","escaped":true}]}
{"type":"newline","line":9,"col":1}
{"type":"tag","line":9,"col":1,"val":"a","selfClosing":false}
{"type":"attrs","line":9,"col":2,"attrs":[{"name":"href","val":"'/user/' + id","escaped":true},{"name":"class","val":"'button'","escaped":true}]}
{"type":"newline","line":10,"col":1}
{"type":"tag","line":10,"col":1,"val":"a","selfClosing":false}
{"type":"attrs","line":10,"col":2,"attrs":[{"name":"href","val":"'/user/' + id","escaped":true},{"name":"class","val":"'button'","escaped":true}]}
{"type":"newline","line":11,"col":1}
{"type":"tag","line":11,"col":1,"val":"meta","selfClosing":false}
{"type":"attrs","line":11,"col":5,"attrs":[{"name":"key","val":"'answer'","escaped":true},{"name":"value","val":"answer()","escaped":true}]}
{"type":"newline","line":12,"col":1}
{"type":"tag","line":12,"col":1,"val":"a","selfClosing":false}
{"type":"attrs","line":12,"col":2,"attrs":[{"name":"class","val":"['class1', 'class2']","escaped":true}]}
{"type":"newline","line":13,"col":1}
{"type":"tag","line":13,"col":1,"val":"a","selfClosing":false}
{"type":"class","line":13,"col":2,"val":"tag-class"}
{"type":"attrs","line":13,"col":12,"attrs":[{"name":"class","val":"['class1', 'class2']","escaped":true}]}
{"type":"newline","line":15,"col":1}
{"type":"tag","line":15,"col":1,"val":"div","selfClosing":false}
{"type":"attrs","line":15,"col":4,"attrs":[{"name":"id","val":"id","escaped":true}]}
{"type":"&attributes","line":15,"col":11,"val":"{foo: 'bar'}"}
{"type":"newline","line":16,"col":1}
{"type":"code","line":16,"col":1,"val":"var bar = null","escape":false,"buffer":false}
{"type":"newline","line":17,"col":1}
{"type":"tag","line":17,"col":1,"val":"div","selfClosing":false}
{"type":"attrs","line":17,"col":4,"attrs":[{"name":"foo","val":"null","escaped":true},{"name":"bar","val":"bar","escaped":true}]}
{"type":"&attributes","line":17,"col":22,"val":"{baz: 'baz'}"}
{"type":"newline","line":18,"col":1}
{"type":"eos","line":18,"col":1}