{"type":"tag","line":1,"col":1,"val":"p","selfClosing":false}
{"type":"code","line":1,"col":2,"val":"null","escape":true,"buffer":true}
{"type":"newline","line":2,"col":1}
{"type":"tag","line":2,"col":1,"val":"p","selfClosing":false}
{"type":"code","line":2,"col":2,"val":"undefined","escape":true,"buffer":true}
{"type":"newline","line":3,"col":1}
{"type":"tag","line":3,"col":1,"val":"p","selfClosing":false}
{"type":"code","line":3,"col":2,"val":"''","escape":true,"buffer":true}
{"type":"newline","line":4,"col":1}
{"type":"tag","line":4,"col":1,"val":"p","selfClosing":false}
{"type":"code","line":4,"col":2,"val":"0","escape":true,"buffer":true}
{"type":"newline","line":5,"col":1}
{"type":"tag","line":5,"col":1,"val":"p","selfClosing":false}
{"type":"code","line":5,"col":2,"val":"false","escape":true,"buffer":true}
{"type":"newline","line":6,"col":1}
{"type":"tag","line":6,"col":1,"val":"p","selfClosing":false}
{"type":"attrs","line":6,"col":2,"attrs":[{"name":"foo","val":"null","escaped":true}]}
{"type":"newline","line":7,"col":1}
{"type":"tag","line":7,"col":1,"val":"p","selfClosing":false}
{"type":"attrs","line":7,"col":2,"attrs":[{"name":"foo","val":"undefined","escaped":true}]}
{"type":"newline","line":8,"col":1}
{"type":"tag","line":8,"col":1,"val":"p","selfClosing":false}
{"type":"attrs","line":8,"col":2,"attrs":[{"name":"foo","val":"''","escaped":true}]}
{"type":"newline","line":9,"col":1}
{"type":"tag","line":9,"col":1,"val":"p","selfClosing":false}
{"type":"attrs","line":9,"col":2,"attrs":[{"name":"foo","val":"0","escaped":true}]}
{"type":"newline","line":10,"col":1}
{"type":"tag","line":10,"col":1,"val":"p","selfClosing":false}
{"type":"attrs","line":10,"col":2,"attrs":[{"name":"foo","val":"false","escaped":true}]}
{"type":"eos","line":10,"col":13}