{"type":"tag","line":1,"col":1,"val":"foo","selfClosing":false}
{"type":"attrs","line":1,"col":4,"attrs":[{"name":"attr","val":"\"<%= bar %>\"","escaped":true}]}
{"type":"newline","line":2,"col":1}
{"type":"tag","line":2,"col":1,"val":"foo","selfClosing":false}
{"type":"attrs","line":2,"col":4,"attrs":[{"name":"class","val":"\"<%= bar %>\"","escaped":true}]}
{"type":"newline","line":3,"col":1}
{"type":"tag","line":3,"col":1,"val":"foo","selfClosing":false}
{"type":"attrs","line":3,"col":4,"attrs":[{"name":"attr","val":"\"<%= bar %>\"","escaped":false}]}
{"type":"newline","line":4,"col":1}
{"type":"tag","line":4,"col":1,"val":"foo","selfClosing":false}
{"type":"attrs","line":4,"col":4,"attrs":[{"name":"class","val":"\"<%= bar %>\"","escaped":false}]}
{"type":"newline","line":5,"col":1}
{"type":"tag","line":5,"col":1,"val":"foo","selfClosing":false}
{"type":"attrs","line":5,"col":4,"attrs":[{"name":"class","val":"\"<%= bar %> lol rofl\"","escaped":false}]}
{"type":"newline","line":6,"col":1}
{"type":"tag","line":6,"col":1,"val":"foo","selfClosing":false}
{"type":"attrs","line":6,"col":4,"attrs":[{"name":"class","val":"\"<%= bar %> lol rofl <%= lmao %>\"","escaped":false}]}
{"type":"newline","line":7,"col":1}
{"type":"eos","line":7,"col":1}