{"type":"doctype","line":1,"col":1,"val":"html"}
{"type":"newline","line":2,"col":1}
{"type":"tag","line":2,"col":1,"val":"html","selfClosing":false}
{"type":"indent","line":3,"col":1,"val":4}
{"type":"tag","line":3,"col":5,"val":"head","selfClosing":false}
{"type":"indent","line":4,"col":1,"val":8}
{"type":"tag","line":4,"col":9,"val":"title","selfClosing":false}
{"type":"text","line":4,"col":15,"val":"escape-test"}
{"type":"outdent","line":5,"col":7}
{"type":"tag","line":5,"col":7,"val":"body","selfClosing":false}
{"type":"indent","line":6,"col":1,"val":8}
{"type":"tag","line":6,"col":9,"val":"textarea","selfClosing":false}
{"type":"indent","line":7,"col":1,"val":12}
{"type":"code","line":7,"col":13,"val":"var txt = '<param name=\"flashvars\" value=\"a=&quot;value_a&quot;&b=&quot;value_b&quot;&c=3\"/>'","escape":false,"buffer":false}
{"type":"newline","line":8,"col":1}
{"type":"text","line":8,"col":15,"val":"#{txt}"}
{"type":"outdent","line":9,"col":11}
{"type":"outdent","line":9,"col":7}
{"type":"outdent","line":9,"col":3}
{"type":"eos","line":9,"col":3}