{"type":"doctype","line":1,"col":1,"val":"html"}
{"type":"newline","line":2,"col":1}
{"type":"tag","line":2,"col":1,"val":"input","selfClosing":false}
{"type":"attrs","line":2,"col":6,"attrs":[{"name":"type","val":"'checkbox'","escaped":true},{"name":"checked","val":true,"escaped":false}]}
{"type":"newline","line":3,"col":1}
{"type":"tag","line":3,"col":1,"val":"input","selfClosing":false}
{"type":"attrs","line":3,"col":6,"attrs":[{"name":"type","val":"'checkbox'","escaped":true},{"name":"checked","val":"true","escaped":true}]}
{"type":"newline","line":4,"col":1}
{"type":"tag","line":4,"col":1,"val":"input","selfClosing":false}
{"type":"attrs","line":4,"col":6,"attrs":[{"name":"type","val":"'checkbox'","escaped":true},{"name":"checked","val":"false","escaped":true}]}
{"type":"eos","line":4,"col":38}