{"type":"tag","line":1,"col":1,"val":"html","selfClosing":false}
{"type":"indent","line":2,"col":1,"val":2}
{"type":"tag","line":2,"col":3,"val":"body","selfClosing":false}
{"type":"indent","line":3,"col":1,"val":4}
{"type":"include","line":3,"col":5,"val":"some.md","filter":"marked","attrs":null}
{"type":"newline","line":4,"col":1}
{"type":"tag","line":4,"col":5,"val":"script","selfClosing":false}
{"type":"indent","line":5,"col":1,"val":6}
{"type":"include","line":5,"col":7,"val":"include-filter-coffee.coffee","filter":"coffee-script","attrs":{"type":"attrs","line":5,"col":28,"attrs":[{"name":"minify","val":"true","escaped":true}]}}
{"type":"outdent","line":6,"col":5}
{"type":"tag","line":6,"col":5,"val":"script","selfClosing":false}
{"type":"indent","line":7,"col":1,"val":6}
{"type":"include","line":7,"col":7,"val":"include-filter-coffee.coffee","filter":"coffee-script","attrs":{"type":"attrs","line":7,"col":28,"attrs":[{"name":"minify","val":"false","escaped":true}]}}
{"type":"outdent","line":8,"col":5}
{"type":"outdent","line":8,"col":3}
{"type":"outdent","line":8,"col":1}
{"type":"eos","line":8,"col":1}