{"type":"tag","line":1,"col":1,"val":"html","selfClosing":false}
{"type":"indent","line":2,"col":1,"val":2}
{"type":"include","line":2,"col":3,"val":"include-with-text-head"}
{"type":"indent","line":3,"col":1,"val":4}
{"type":"tag","line":3,"col":5,"val":"script","selfClosing":false}
{"type":"attrs","line":3,"col":11,"attrs":[{"name":"src","val":"'/caustic.js'","escaped":true}]}
{"type":"newline","line":4,"col":1}
{"type":"tag","line":4,"col":5,"val":"script","selfClosing":false}
{"type":"attrs","line":4,"col":11,"attrs":[{"name":"src","val":"'/app.js'","escaped":true}]}
{"type":"outdent","line":5,"col":3}
{"type":"outdent","line":5,"col":1}
{"type":"eos","line":5,"col":1}