{"type":"tag","line":1,"col":1,"val":"script","selfClosing":false}
{"type":"id","line":1,"col":7,"val":"pet-template"}
{"type":"attrs","line":1,"col":20,"attrs":[{"name":"type","val":"'text/x-template'","escaped":true}]}
{"type":"indent","line":2,"col":1,"val":2}
{"type":"include","line":2,"col":3,"val":"auxiliary/pet"}
{"type":"outdent","line":2,"col":24}
{"type":"eos","line":2,"col":24}