{"type":"tag","line":1,"col":1,"val":"style","selfClosing":false}
{"type":"attrs","line":1,"col":6,"attrs":[{"name":"type","val":"\"text/css\"","escaped":true}]}
{"type":"indent","line":2,"col":1,"val":2}
{"type":"include","line":2,"col":3,"val":"some.styl","filter":"stylus","attrs":null}
{"type":"outdent","line":3,"col":1}
{"type":"eos","line":3,"col":1}