{"type":"newline","line":2,"col":1}
{"type":"include","line":2,"col":1,"val":"auxiliary/mixins"}
{"type":"newline","line":4,"col":1}
{"type":"call","line":4,"col":1,"val":"foo"}
{"type":"newline","line":6,"col":1}
{"type":"tag","line":6,"col":1,"val":"body","selfClosing":false}
{"type":"indent","line":7,"col":1,"val":2}
{"type":"include","line":7,"col":3,"val":"auxiliary/smile.html"}
{"type":"newline","line":8,"col":1}
{"type":"include","line":8,"col":3,"val":"auxiliary/escapes.html"}
{"type":"newline","line":9,"col":1}
{"type":"tag","line":9,"col":3,"val":"script","selfClosing":false}
{"type":"attrs","line":9,"col":9,"attrs":[{"name":"type","val":"\"text/javascript\"","escaped":true}]}
{"type":"indent","line":10,"col":1,"val":4}
{"type":"include","line":10,"col":5,"val":"auxiliary/includable.js","filter":"verbatim","attrs":null}
{"type":"outdent","line":11,"col":3}
{"type":"outdent","line":11,"col":1}
{"type":"eos","line":11,"col":1}