{"type":"newline","line":2,"col":1}
{"type":"extends","line":2,"col":1,"val":"auxiliary/layout"}
{"type":"newline","line":4,"col":1}
{"type":"mixin","line":4,"col":1,"val":"article","args":"title"}
{"type":"indent","line":5,"col":1,"val":2}
{"type":"if","line":5,"col":3,"val":"title"}
{"type":"indent","line":6,"col":1,"val":4}
{"type":"tag","line":6,"col":5,"val":"h1","selfClosing":false}
{"type":"code","line":6,"col":7,"val":"title","escape":true,"buffer":true}
{"type":"outdent","line":7,"col":3}
{"type":"mixin-block","line":7,"col":3}
{"type":"outdent","line":9,"col":1}
{"type":"block","line":9,"col":1,"val":"content","mode":"replace"}
{"type":"indent","line":10,"col":1,"val":2}
{"type":"call","line":10,"col":3,"val":"article","args":"\"The meaning of life\""}
{"type":"indent","line":11,"col":1,"val":4}
{"type":"tag","line":11,"col":5,"val":"p","selfClosing":false}
{"type":"text","line":11,"col":7,"val":"Foo bar baz!"}
{"type":"outdent","line":11,"col":19}
{"type":"outdent","line":11,"col":19}
{"type":"eos","line":11,"col":19}