{"type":"newline","line":2,"col":1}
{"type":"extends","line":2,"col":1,"val":"auxiliary/dialog"}
{"type":"newline","line":4,"col":1}
{"type":"block","line":4,"col":1,"val":"content","mode":"replace"}
{"type":"indent","line":5,"col":1,"val":2}
{"type":"tag","line":5,"col":3,"val":"h1","selfClosing":false}
{"type":"text","line":5,"col":6,"val":"Alert!"}
{"type":"newline","line":6,"col":1}
{"type":"tag","line":6,"col":3,"val":"p","selfClosing":false}
{"type":"text","line":6,"col":5,"val":"I'm an alert!"}
{"type":"outdent","line":6,"col":18}
{"type":"eos","line":6,"col":18}