{"type":"newline","line":2,"col":1}
{"type":"code","line":2,"col":1,"val":"var id = 42;","escape":false,"buffer":false}
{"type":"newline","line":3,"col":1}
{"type":"tag","line":3,"col":1,"val":"foo","selfClosing":false}
{"type":"indent","line":4,"col":1,"val":2}
{"type":"text","line":4,"col":5,"val":"some"}
{"type":"newline","line":5,"col":1}
{"type":"text","line":5,"col":5,"val":"\\#{text}"}
{"type":"newline","line":6,"col":1}
{"type":"text","line":6,"col":5,"val":"here"}
{"type":"newline","line":7,"col":1}
{"type":"text","line":7,"col":5,"val":"My ID #{\"is {\" + id + \"}\"}"}
{"type":"outdent","line":7,"col":31}
{"type":"eos","line":7,"col":31}