{"type":"include","line":1,"col":1,"val":"./auxiliary/mixin-at-end-of-file.jade"}
{"type":"newline","line":3,"col":1}
{"type":"call","line":3,"col":1,"val":"slide","args":""}
{"type":"indent","line":4,"col":1,"val":2}
{"type":"tag","line":4,"col":3,"val":"p","selfClosing":false}
{"type":"text","line":4,"col":5,"val":"some awesome content"}
{"type":"outdent","line":5,"col":1}
{"type":"eos","line":5,"col":1}