{"type":"mixin","line":1,"col":1,"val":"foo","args":null}
{"type":"indent","line":2,"col":1,"val":2}
{"type":"tag","line":2,"col":3,"val":"p","selfClosing":false}
{"type":"class","line":2,"col":4,"val":"bar"}
{"type":"&attributes","line":2,"col":8,"val":"attributes"}
{"type":"text","line":2,"col":32,"val":"One"}
{"type":"newline","line":3,"col":1}
{"type":"tag","line":3,"col":3,"val":"p","selfClosing":false}
{"type":"class","line":3,"col":4,"val":"baz"}
{"type":"class","line":3,"col":8,"val":"quux"}
{"type":"&attributes","line":3,"col":13,"val":"attributes"}
{"type":"text","line":3,"col":37,"val":"Two"}
{"type":"newline","line":4,"col":1}
{"type":"tag","line":4,"col":3,"val":"p","selfClosing":false}
{"type":"&attributes","line":4,"col":4,"val":"attributes"}
{"type":"text","line":4,"col":28,"val":"Three"}
{"type":"newline","line":5,"col":1}
{"type":"tag","line":5,"col":3,"val":"p","selfClosing":false}
{"type":"class","line":5,"col":4,"val":"bar"}
{"type":"&attributes","line":5,"col":8,"val":"attributes"}
{"type":"attrs","line":5,"col":8,"attrs":[{"name":"class","val":"\"baz\"","escaped":true}]}
{"type":"text","line":5,"col":45,"val":"Four"}
{"type":"outdent","line":7,"col":1}
{"type":"tag","line":7,"col":1,"val":"body","selfClosing":false}
{"type":"indent","line":8,"col":1,"val":2}
{"type":"call","line":8,"col":3,"val":"foo"}
{"type":"class","line":8,"col":7,"val":"hello"}
{"type":"newline","line":9,"col":1}
{"type":"call","line":9,"col":3,"val":"foo"}
{"type":"id","line":9,"col":7,"val":"world"}
{"type":"newline","line":10,"col":1}
{"type":"call","line":10,"col":3,"val":"foo"}
{"type":"class","line":10,"col":7,"val":"hello"}
{"type":"id","line":10,"col":13,"val":"world"}
{"type":"newline","line":11,"col":1}
{"type":"call","line":11,"col":3,"val":"foo"}
{"type":"class","line":11,"col":7,"val":"hello"}
{"type":"class","line":11,"col":13,"val":"world"}
{"type":"newline","line":12,"col":1}
{"type":"call","line":12,"col":3,"val":"foo"}
{"type":"attrs","line":12,"col":7,"attrs":[{"name":"class","val":"\"hello\"","escaped":true}]}
{"type":"newline","line":13,"col":1}
{"type":"call","line":13,"col":3,"val":"foo"}
{"type":"class","line":13,"col":7,"val":"hello"}
{"type":"attrs","line":13,"col":13,"attrs":[{"name":"class","val":"\"world\"","escaped":true}]}
{"type":"newline","line":14,"col":1}
{"type":"call","line":14,"col":3,"val":"foo"}
{"type":"newline","line":15,"col":1}
{"type":"call","line":15,"col":3,"val":"foo"}
{"type":"&attributes","line":15,"col":7,"val":"{class: \"hello\"}"}
{"type":"outdent","line":15,"col":36}
{"type":"eos","line":15,"col":36}