{"type":"tag","line":1,"col":1,"val":"fb:user:role","selfClosing":false}
{"type":"text","line":1,"col":14,"val":"Something"}
{"type":"newline","line":2,"col":1}
{"type":"tag","line":2,"col":1,"val":"foo","selfClosing":false}
{"type":"attrs","line":2,"col":4,"attrs":[{"name":"fb:foo","val":"'bar'","escaped":true}]}
{"type":"eos","line":2,"col":18}