{"type":"filter","line":1,"val":"markdown"}
{"type":"start-pipeless-text","line":1}
{"type":"text","line":2,"val":"    code sample"}
{"type":"newline","line":3}
{"type":"text","line":3,"val":""}
{"type":"newline","line":4}
{"type":"text","line":4,"val":"# Heading"}
{"type":"end-pipeless-text","line":4}
{"type":"eos","line":4}