{"type":"comment","line":1,"val":"","buffer":true}
{"type":"start-pipeless-text","line":1}
{"type":"text","line":2,"val":"     .foo"}
{"type":"newline","line":3}
{"type":"text","line":3,"val":"\t.bar"}
{"type":"newline","line":4}
{"type":"text","line":4,"val":".hey"}
{"type":"end-pipeless-text","line":4}
{"type":"eos","line":4}