{"type":"code","line":1,"col":1,"val":"var url = 'http://www.google.com'","escape":false,"buffer":false}
{"type":"newline","line":2,"col":1}
{"type":"class","line":2,"col":1,"val":"url"}
{"type":"text","line":2,"col":6,"val":"#{url.replace('http://', '').replace(/^www\\./, '')}"}
{"type":"eos","line":2,"col":57}