{"type":"tag","line":1,"col":1,"val":"html","selfClosing":false}
{"type":"indent","line":2,"col":1,"val":2}
{"type":"tag","line":2,"col":3,"val":"audio","selfClosing":false}
{"type":"attrs","line":2,"col":8,"attrs":[{"name":"preload","val":"'auto'","escaped":true},{"name":"autobuffer","val":true,"escaped":false},{"name":"controls","val":true,"escaped":false}]}
{"type":"indent","line":3,"col":1,"val":4}
{"type":"tag","line":3,"col":5,"val":"source","selfClosing":false}
{"type":"attrs","line":3,"col":11,"attrs":[{"name":"src","val":"'foo'","escaped":true}]}
{"type":"newline","line":4,"col":1}
{"type":"tag","line":4,"col":5,"val":"source","selfClosing":false}
{"type":"attrs","line":4,"col":11,"attrs":[{"name":"src","val":"'bar'","escaped":true}]}
{"type":"outdent","line":4,"col":22}
{"type":"outdent","line":4,"col":22}
{"type":"eos","line":4,"col":22}