{"type":"newline","line":2,"col":1}
{"type":"tag","line":2,"col":1,"val":"body","selfClosing":false}
{"type":"indent","line":3,"col":1,"val":2}
{"type":"tag","line":3,"col":3,"val":"foo","selfClosing":false}
{"type":"newline","line":4,"col":1}
{"type":"tag","line":4,"col":3,"val":"foo","selfClosing":false}
{"type":"attrs","line":4,"col":6,"attrs":[{"name":"bar","val":"'baz'","escaped":true}]}
{"type":"newline","line":5,"col":1}
{"type":"tag","line":5,"col":3,"val":"foo","selfClosing":true}
{"type":"newline","line":6,"col":1}
{"type":"tag","line":6,"col":3,"val":"foo","selfClosing":false}
{"type":"attrs","line":6,"col":6,"attrs":[{"name":"bar","val":"'baz'","escaped":true}],"selfClosing":true}
{"type":"newline","line":7,"col":1}
{"type":"tag","line":7,"col":3,"val":"foo","selfClosing":false}
{"type":"text","line":7,"col":7,"val":"/"}
{"type":"newline","line":8,"col":1}
{"type":"tag","line":8,"col":3,"val":"foo","selfClosing":false}
{"type":"attrs","line":8,"col":6,"attrs":[{"name":"bar","val":"'baz'","escaped":true}]}
{"type":"text","line":8,"col":18,"val":"/"}
{"type":"newline","line":9,"col":1}
{"type":"comment","line":9,"col":3,"val":" can have a single space after them","buffer":false}
{"type":"newline","line":10,"col":1}
{"type":"tag","line":10,"col":3,"val":"img","selfClosing":false}
{"type":"text","line":10,"col":7,"val":""}
{"type":"newline","line":11,"col":1}
{"type":"comment","line":11,"col":3,"val":" can have lots of white space after them","buffer":false}
{"type":"newline","line":12,"col":1}
{"type":"tag","line":12,"col":3,"val":"img","selfClosing":false}
{"type":"text","line":12,"col":7,"val":"   "}
{"type":"outdent","line":12,"col":10}
{"type":"eos","line":12,"col":10}