{"type":"tag","line":1,"col":1,"val":"script","selfClosing":false}
{"type":"attrs","line":1,"col":7,"attrs":[{"name":"type","val":"'text/x-template'","escaped":true}]}
{"type":"indent","line":2,"col":1,"val":2}
{"type":"tag","line":2,"col":3,"val":"article","selfClosing":false}
{"type":"indent","line":3,"col":1,"val":4}
{"type":"tag","line":3,"col":5,"val":"h2","selfClosing":false}
{"type":"text","line":3,"col":8,"val":"{{title}}"}
{"type":"newline","line":4,"col":1}
{"type":"tag","line":4,"col":5,"val":"p","selfClosing":false}
{"type":"text","line":4,"col":7,"val":"{{description}}"}
{"type":"outdent","line":6,"col":3}
{"type":"outdent","line":6,"col":1}
{"type":"tag","line":6,"col":1,"val":"script","selfClosing":false}
{"type":"attrs","line":6,"col":7,"attrs":[{"name":"type","val":"'text/x-template'","escaped":true}]}
{"type":"dot","line":6,"col":31}
{"type":"start-pipeless-text","line":6,"col":32}
{"type":"text","line":7,"col":1,"val":"article"}
{"type":"newline","line":8,"col":1}
{"type":"text","line":8,"col":1,"val":"  h2 {{title}}"}
{"type":"newline","line":9,"col":1}
{"type":"text","line":9,"col":1,"val":"  p {{description}}"}
{"type":"end-pipeless-text","line":9,"col":20}
{"type":"eos","line":9,"col":20}