{"type":"newline","line":2,"col":1}
{"type":"tag","line":2,"col":1,"val":"label","selfClosing":false}
{"type":"text","line":2,"col":7,"val":"Username:"}
{"type":"indent","line":3,"col":1,"val":2}
{"type":"tag","line":3,"col":3,"val":"input","selfClosing":false}
{"type":"attrs","line":3,"col":8,"attrs":[{"name":"type","val":"'text'","escaped":true},{"name":"name","val":"'user[name]'","escaped":true}]}
{"type":"outdent","line":5,"col":1}
{"type":"tag","line":5,"col":1,"val":"label","selfClosing":false}
{"type":"text","line":5,"col":7,"val":"Password:"}
{"type":"indent","line":6,"col":1,"val":2}
{"type":"tag","line":6,"col":3,"val":"input","selfClosing":false}
{"type":"attrs","line":6,"col":8,"attrs":[{"name":"type","val":"'text'","escaped":true},{"name":"name","val":"'user[pass]'","escaped":true}]}
{"type":"outdent","line":6,"col":40}
{"type":"eos","line":6,"col":40}