{"type":"code","line":1,"col":1,"val":"var foo = 'bar'","escape":false,"buffer":false}
{"type":"newline","line":2,"col":1}
{"type":"code","line":2,"col":1,"val":"var list = [1,2,3]","escape":false,"buffer":false}
{"type":"newline","line":3,"col":1}
{"type":"tag","line":3,"col":1,"val":"a","selfClosing":false}
{"type":"attrs","line":3,"col":2,"attrs":[{"name":"class","val":"list","escaped":true},{"name":"id","val":"foo","escaped":true}]}
{"type":"eos","line":3,"col":22}