{"type":"doctype","line":1,"col":1,"val":"xml"}
{"type":"newline","line":2,"col":1}
{"type":"tag","line":2,"col":1,"val":"category","selfClosing":false}
{"type":"attrs","line":2,"col":9,"attrs":[{"name":"term","val":"'some term'","escaped":true}],"selfClosing":true}
{"type":"newline","line":3,"col":1}
{"type":"tag","line":3,"col":1,"val":"link","selfClosing":false}
{"type":"text","line":3,"col":6,"val":"http://google.com"}
{"type":"eos","line":3,"col":23}