{"type":"tag","line":1,"col":1,"val":"html","selfClosing":false}
{"type":"indent","line":2,"col":1,"val":2}
{"type":"tag","line":2,"col":3,"val":"body","selfClosing":false}
{"type":"indent","line":3,"col":1,"val":4}
{"type":"include","line":3,"col":5,"val":"yield-head"}
{"type":"indent","line":4,"col":1,"val":6}
{"type":"tag","line":4,"col":7,"val":"script","selfClosing":false}
{"type":"attrs","line":4,"col":13,"attrs":[{"name":"src","val":"'/caustic.js'","escaped":true}]}
{"type":"newline","line":5,"col":1}
{"type":"tag","line":5,"col":7,"val":"script","selfClosing":false}
{"type":"attrs","line":5,"col":13,"attrs":[{"name":"src","val":"'/app.js'","escaped":true}]}
{"type":"outdent","line":6,"col":5}
{"type":"outdent","line":6,"col":3}
{"type":"outdent","line":6,"col":1}
{"type":"eos","line":6,"col":1}