{"type":"tag","line":1,"col":1,"val":"html","selfClosing":false}
{"type":"indent","line":2,"col":1,"val":2}
{"type":"tag","line":2,"col":3,"val":"body","selfClosing":false}
{"type":"indent","line":3,"col":1,"val":4}
{"type":"include","line":3,"col":5,"val":"yield-title-head"}
{"type":"indent","line":4,"col":1,"val":6}
{"type":"text","line":4,"col":9,"val":"My Title"}
{"type":"outdent","line":4,"col":17}
{"type":"outdent","line":4,"col":17}
{"type":"outdent","line":4,"col":17}
{"type":"eos","line":4,"col":17}